2026-09-18T18:49:57.198+05:30  INFO 20912 --- [routemate-backend] [main] c.r.backend.RouteMateApplication         : Starting RouteMateApplication using Java 17.0.12 with PID 20912 (D:\Arun\Updated\Roade-mate-main\Roade-mate-main\backend\target\classes started by Arun in D:\Arun\Updated\Roade-mate-main\Roade-mate-main\backend)
2026-09-18T18:49:57.205+05:30 DEBUG 20912 --- [routemate-backend] [main] c.r.backend.RouteMateApplication         : Running with Spring Boot v3.3.2, Spring v6.1.11
2026-09-18T18:49:57.208+05:30  INFO 20912 --- [routemate-backend] [main] c.r.backend.RouteMateApplication         : No active profile set, falling back to 1 default profile: "default"
2026-09-18T18:49:58.884+05:30  INFO 20912 --- [routemate-backend] [main] .s.d.r.c.RepositoryConfigurationDelegate : Bootstrapping Spring Data JPA repositories in DEFAULT mode.
2026-09-18T18:49:59.046+05:30  INFO 20912 --- [routemate-backend] [main] .s.d.r.c.RepositoryConfigurationDelegate : Finished Spring Data repository scanning in 148 ms. Found 10 JPA repository interfaces.
2026-09-18T18:50:00.239+05:30  INFO 20912 --- [routemate-backend] [main] o.s.b.w.embedded.tomcat.TomcatWebServer  : Tomcat initialized with port 8080 (http)
2026-09-18T18:50:00.258+05:30  INFO 20912 --- [routemate-backend] [main] o.apache.catalina.core.StandardService   : Starting service [Tomcat]
2026-09-18T18:50:00.259+05:30  INFO 20912 --- [routemate-backend] [main] o.apache.catalina.core.StandardEngine    : Starting Servlet engine: [Apache Tomcat/10.1.26]
2026-09-18T18:50:00.372+05:30  INFO 20912 --- [routemate-backend] [main] o.a.c.c.C.[Tomcat].[localhost].[/]       : Initializing Spring embedded WebApplicationContext
2026-09-18T18:50:00.373+05:30  INFO 20912 --- [routemate-backend] [main] w.s.c.ServletWebServerApplicationContext : Root WebApplicationContext: initialization completed in 3082 ms
2026-09-18T18:50:00.601+05:30  INFO 20912 --- [routemate-backend] [main] com.zaxxer.hikari.HikariDataSource       : HikariPool-1 - Starting...
2026-09-18T18:50:00.863+05:30  INFO 20912 --- [routemate-backend] [main] com.zaxxer.hikari.pool.HikariPool        : HikariPool-1 - Added connection conn0: url=jdbc:h2:mem:routemate user=SA
2026-09-18T18:50:00.879+05:30  INFO 20912 --- [routemate-backend] [main] com.zaxxer.hikari.HikariDataSource       : HikariPool-1 - Start completed.
2026-09-18T18:50:00.897+05:30  INFO 20912 --- [routemate-backend] [main] o.s.b.a.h2.H2ConsoleAutoConfiguration    : H2 console available at '/h2-console'. Database available at 'jdbc:h2:mem:routemate'
2026-09-18T18:50:01.349+05:30  INFO 20912 --- [routemate-backend] [main] org.flywaydb.core.FlywayExecutor         : Database: jdbc:h2:mem:routemate (H2 2.2)
2026-09-18T18:50:01.357+05:30  WARN 20912 --- [routemate-backend] [main] o.f.c.internal.database.base.Database    : Flyway upgrade recommended: H2 2.2.224 is newer than this version of Flyway and support has not been tested. The latest supported version of H2 is 2.2.220.
2026-09-18T18:50:01.461+05:30  INFO 20912 --- [routemate-backend] [main] o.f.c.i.s.JdbcTableSchemaHistory         : Schema history table "PUBLIC"."flyway_schema_history" does not exist yet
2026-09-18T18:50:01.467+05:30  INFO 20912 --- [routemate-backend] [main] o.f.core.internal.command.DbValidate     : Successfully validated 15 migrations (execution time 00:00.088s)
2026-09-18T18:50:01.479+05:30  INFO 20912 --- [routemate-backend] [main] o.f.c.i.s.JdbcTableSchemaHistory         : Creating Schema History table "PUBLIC"."flyway_schema_history" ...
2026-09-18T18:50:01.548+05:30  INFO 20912 --- [routemate-backend] [main] o.f.core.internal.command.DbMigrate      : Current version of schema "PUBLIC": << Empty Schema >>
2026-09-18T18:50:01.561+05:30  INFO 20912 --- [routemate-backend] [main] o.f.core.internal.command.DbMigrate      : Migrating schema "PUBLIC" to version "1 - create user table"
2026-09-18T18:50:01.603+05:30  INFO 20912 --- [routemate-backend] [main] o.f.core.internal.command.DbMigrate      : Migrating schema "PUBLIC" to version "2 - create trip table"
2026-09-18T18:50:01.624+05:30  INFO 20912 --- [routemate-backend] [main] o.f.core.internal.command.DbMigrate      : Migrating schema "PUBLIC" to version "3 - create ride request table"
2026-09-18T18:50:01.645+05:30  INFO 20912 --- [routemate-backend] [main] o.f.core.internal.command.DbMigrate      : Migrating schema "PUBLIC" to version "4 - insert seed data"
2026-09-18T18:50:01.656+05:30  INFO 20912 --- [routemate-backend] [main] o.f.core.internal.command.DbMigrate      : Migrating schema "PUBLIC" to version "5 - reset identity counters"
2026-09-18T18:50:01.667+05:30  INFO 20912 --- [routemate-backend] [main] o.f.core.internal.command.DbMigrate      : Migrating schema "PUBLIC" to version "6 - create trip participant table"
2026-09-18T18:50:01.683+05:30  INFO 20912 --- [routemate-backend] [main] o.f.core.internal.command.DbMigrate      : Migrating schema "PUBLIC" to version "7 - add trip lifecycle columns"
2026-09-18T18:50:01.727+05:30  INFO 20912 --- [routemate-backend] [main] o.f.core.internal.command.DbMigrate      : Migrating schema "PUBLIC" to version "8 - add trip cost and negotiable columns"
2026-09-18T18:50:01.769+05:30  INFO 20912 --- [routemate-backend] [main] o.f.core.internal.command.DbMigrate      : Migrating schema "PUBLIC" to version "9 - create trip message table"
2026-09-18T18:50:01.777+05:30  INFO 20912 --- [routemate-backend] [main] o.f.core.internal.command.DbMigrate      : Migrating schema "PUBLIC" to version "10 - add closed at column"
2026-09-18T18:50:01.790+05:30  INFO 20912 --- [routemate-backend] [main] o.f.core.internal.command.DbMigrate      : Migrating schema "PUBLIC" to version "11 - create trip location verification table"
2026-09-18T18:50:01.801+05:30  INFO 20912 --- [routemate-backend] [main] o.f.core.internal.command.DbMigrate      : Migrating schema "PUBLIC" to version "12 - create notification table"
2026-09-18T18:50:01.816+05:30  INFO 20912 --- [routemate-backend] [main] o.f.core.internal.command.DbMigrate      : Migrating schema "PUBLIC" to version "13 - create cancellation cooldown table"
2026-09-18T18:50:01.831+05:30  INFO 20912 --- [routemate-backend] [main] o.f.core.internal.command.DbMigrate      : Migrating schema "PUBLIC" to version "14 - create cancellation penalty table"
2026-09-18T18:50:01.869+05:30  INFO 20912 --- [routemate-backend] [main] o.f.core.internal.command.DbMigrate      : Migrating schema "PUBLIC" to version "15 - create chat confirmation table"
2026-09-18T18:50:01.892+05:30  INFO 20912 --- [routemate-backend] [main] o.f.core.internal.command.DbMigrate      : Successfully applied 15 migrations to schema "PUBLIC", now at version v15 (execution time 00:00.201s)
2026-09-18T18:50:02.051+05:30  INFO 20912 --- [routemate-backend] [main] o.hibernate.jpa.internal.util.LogHelper  : HHH000204: Processing PersistenceUnitInfo [name: default]
2026-09-18T18:50:02.140+05:30  INFO 20912 --- [routemate-backend] [main] org.hibernate.Version                    : HHH000412: Hibernate ORM core version 6.5.2.Final
2026-09-18T18:50:02.217+05:30  INFO 20912 --- [routemate-backend] [main] o.h.c.internal.RegionFactoryInitiator    : HHH000026: Second-level cache disabled
2026-09-18T18:50:02.755+05:30  INFO 20912 --- [routemate-backend] [main] o.s.o.j.p.SpringPersistenceUnitInfo      : No LoadTimeWeaver setup: ignoring JPA class transformer
2026-09-18T18:50:04.512+05:30  INFO 20912 --- [routemate-backend] [main] o.h.e.t.j.p.i.JtaPlatformInitiator       : HHH000489: No JTA platform available (set 'hibernate.transaction.jta.platform' to enable JTA platform integration)
2026-09-18T18:50:04.553+05:30  INFO 20912 --- [routemate-backend] [main] j.LocalContainerEntityManagerFactoryBean : Initialized JPA EntityManagerFactory for persistence unit 'default'
2026-09-18T18:50:05.061+05:30 DEBUG 20912 --- [routemate-backend] [main] c.r.b.a.s.JwtAuthenticationFilter        : Filter 'jwtAuthenticationFilter' configured for use
2026-09-18T18:50:05.198+05:30  INFO 20912 --- [routemate-backend] [main] eAuthenticationProviderManagerConfigurer : Global AuthenticationManager configured with AuthenticationProvider bean with name authenticationProvider
2026-09-18T18:50:05.200+05:30  WARN 20912 --- [routemate-backend] [main] r$InitializeUserDetailsManagerConfigurer : Global AuthenticationManager configured with an AuthenticationProvider bean. UserDetailsService beans will not be used for username/password login. Consider removing the AuthenticationProvider bean. Alternatively, consider using the UserDetailsService in a manually instantiated DaoAuthenticationProvider.
2026-09-18T18:50:05.343+05:30  INFO 20912 --- [routemate-backend] [main] o.s.d.j.r.query.QueryEnhancerFactory     : Hibernate is in classpath; If applicable, HQL parser will be used.
2026-09-18T18:50:07.507+05:30  INFO 20912 --- [routemate-backend] [main] o.s.b.a.e.web.EndpointLinksResolver      : Exposing 3 endpoints beneath base path '/actuator'
2026-09-18T18:50:08.417+05:30  INFO 20912 --- [routemate-backend] [main] o.s.b.w.embedded.tomcat.TomcatWebServer  : Tomcat started on port 8080 (http) with context path '/'
2026-09-18T18:50:08.440+05:30  INFO 20912 --- [routemate-backend] [main] c.r.backend.RouteMateApplication         : Started RouteMateApplication in 11.836 seconds (process running for 12.575)
2026-09-18T18:50:16.529+05:30  INFO 22132 --- [routemate-backend] [main] c.r.backend.RouteMateApplication         : Starting RouteMateApplication using Java 17.0.12 with PID 22132 (D:\Arun\Updated\Roade-mate-main\Roade-mate-main\backend\target\classes started by Arun in D:\Arun\Updated\Roade-mate-main\Roade-mate-main\backend)
2026-09-18T18:50:16.531+05:30 DEBUG 22132 --- [routemate-backend] [main] c.r.backend.RouteMateApplication         : Running with Spring Boot v3.3.2, Spring v6.1.11
2026-09-18T18:50:16.533+05:30  INFO 22132 --- [routemate-backend] [main] c.r.backend.RouteMateApplication         : No active profile set, falling back to 1 default profile: "default"
2026-09-18T18:50:17.626+05:30  INFO 22132 --- [routemate-backend] [main] .s.d.r.c.RepositoryConfigurationDelegate : Bootstrapping Spring Data JPA repositories in DEFAULT mode.
2026-09-18T18:50:17.739+05:30  INFO 22132 --- [routemate-backend] [main] .s.d.r.c.RepositoryConfigurationDelegate : Finished Spring Data repository scanning in 104 ms. Found 10 JPA repository interfaces.
2026-09-18T18:50:18.591+05:30  INFO 22132 --- [routemate-backend] [main] o.s.b.w.embedded.tomcat.TomcatWebServer  : Tomcat initialized with port 8080 (http)
2026-09-18T18:50:18.604+05:30  INFO 22132 --- [routemate-backend] [main] o.apache.catalina.core.StandardService   : Starting service [Tomcat]
2026-09-18T18:50:18.605+05:30  INFO 22132 --- [routemate-backend] [main] o.apache.catalina.core.StandardEngine    : Starting Servlet engine: [Apache Tomcat/10.1.26]
2026-09-18T18:50:18.676+05:30  INFO 22132 --- [routemate-backend] [main] o.a.c.c.C.[Tomcat].[localhost].[/]       : Initializing Spring embedded WebApplicationContext
2026-09-18T18:50:18.677+05:30  INFO 22132 --- [routemate-backend] [main] w.s.c.ServletWebServerApplicationContext : Root WebApplicationContext: initialization completed in 2090 ms
2026-09-18T18:50:18.818+05:30  INFO 22132 --- [routemate-backend] [main] com.zaxxer.hikari.HikariDataSource       : HikariPool-1 - Starting...
2026-09-18T18:50:19.047+05:30  INFO 22132 --- [routemate-backend] [main] com.zaxxer.hikari.pool.HikariPool        : HikariPool-1 - Added connection conn0: url=jdbc:h2:mem:routemate user=SA
2026-09-18T18:50:19.050+05:30  INFO 22132 --- [routemate-backend] [main] com.zaxxer.hikari.HikariDataSource       : HikariPool-1 - Start completed.
2026-09-18T18:50:19.062+05:30  INFO 22132 --- [routemate-backend] [main] o.s.b.a.h2.H2ConsoleAutoConfiguration    : H2 console available at '/h2-console'. Database available at 'jdbc:h2:mem:routemate'
2026-09-18T18:50:19.356+05:30  INFO 22132 --- [routemate-backend] [main] org.flywaydb.core.FlywayExecutor         : Database: jdbc:h2:mem:routemate (H2 2.2)
2026-09-18T18:50:19.366+05:30  WARN 22132 --- [routemate-backend] [main] o.f.c.internal.database.base.Database    : Flyway upgrade recommended: H2 2.2.224 is newer than this version of Flyway and support has not been tested. The latest supported version of H2 is 2.2.220.
2026-09-18T18:50:19.397+05:30  INFO 22132 --- [routemate-backend] [main] o.f.c.i.s.JdbcTableSchemaHistory         : Schema history table "PUBLIC"."flyway_schema_history" does not exist yet
2026-09-18T18:50:19.401+05:30  INFO 22132 --- [routemate-backend] [main] o.f.core.internal.command.DbValidate     : Successfully validated 15 migrations (execution time 00:00.021s)
2026-09-18T18:50:19.410+05:30  INFO 22132 --- [routemate-backend] [main] o.f.c.i.s.JdbcTableSchemaHistory         : Creating Schema History table "PUBLIC"."flyway_schema_history" ...
2026-09-18T18:50:19.452+05:30  INFO 22132 --- [routemate-backend] [main] o.f.core.internal.command.DbMigrate      : Current version of schema "PUBLIC": << Empty Schema >>
2026-09-18T18:50:19.462+05:30  INFO 22132 --- [routemate-backend] [main] o.f.core.internal.command.DbMigrate      : Migrating schema "PUBLIC" to version "1 - create user table"
2026-09-18T18:50:19.486+05:30  INFO 22132 --- [routemate-backend] [main] o.f.core.internal.command.DbMigrate      : Migrating schema "PUBLIC" to version "2 - create trip table"
2026-09-18T18:50:19.500+05:30  INFO 22132 --- [routemate-backend] [main] o.f.core.internal.command.DbMigrate      : Migrating schema "PUBLIC" to version "3 - create ride request table"
2026-09-18T18:50:19.512+05:30  INFO 22132 --- [routemate-backend] [main] o.f.core.internal.command.DbMigrate      : Migrating schema "PUBLIC" to version "4 - insert seed data"
2026-09-18T18:50:19.523+05:30  INFO 22132 --- [routemate-backend] [main] o.f.core.internal.command.DbMigrate      : Migrating schema "PUBLIC" to version "5 - reset identity counters"
2026-09-18T18:50:19.531+05:30  INFO 22132 --- [routemate-backend] [main] o.f.core.internal.command.DbMigrate      : Migrating schema "PUBLIC" to version "6 - create trip participant table"
2026-09-18T18:50:19.542+05:30  INFO 22132 --- [routemate-backend] [main] o.f.core.internal.command.DbMigrate      : Migrating schema "PUBLIC" to version "7 - add trip lifecycle columns"
2026-09-18T18:50:19.577+05:30  INFO 22132 --- [routemate-backend] [main] o.f.core.internal.command.DbMigrate      : Migrating schema "PUBLIC" to version "8 - add trip cost and negotiable columns"
2026-09-18T18:50:19.600+05:30  INFO 22132 --- [routemate-backend] [main] o.f.core.internal.command.DbMigrate      : Migrating schema "PUBLIC" to version "9 - create trip message table"
2026-09-18T18:50:19.609+05:30  INFO 22132 --- [routemate-backend] [main] o.f.core.internal.command.DbMigrate      : Migrating schema "PUBLIC" to version "10 - add closed at column"
2026-09-18T18:50:19.620+05:30  INFO 22132 --- [routemate-backend] [main] o.f.core.internal.command.DbMigrate      : Migrating schema "PUBLIC" to version "11 - create trip location verification table"
2026-09-18T18:50:19.628+05:30  INFO 22132 --- [routemate-backend] [main] o.f.core.internal.command.DbMigrate      : Migrating schema "PUBLIC" to version "12 - create notification table"
2026-09-18T18:50:19.636+05:30  INFO 22132 --- [routemate-backend] [main] o.f.core.internal.command.DbMigrate      : Migrating schema "PUBLIC" to version "13 - create cancellation cooldown table"
2026-09-18T18:50:19.645+05:30  INFO 22132 --- [routemate-backend] [main] o.f.core.internal.command.DbMigrate      : Migrating schema "PUBLIC" to version "14 - create cancellation penalty table"
2026-09-18T18:50:19.675+05:30  INFO 22132 --- [routemate-backend] [main] o.f.core.internal.command.DbMigrate      : Migrating schema "PUBLIC" to version "15 - create chat confirmation table"
2026-09-18T18:50:19.687+05:30  INFO 22132 --- [routemate-backend] [main] o.f.core.internal.command.DbMigrate      : Successfully applied 15 migrations to schema "PUBLIC", now at version v15 (execution time 00:00.139s)
2026-09-18T18:50:19.781+05:30  INFO 22132 --- [routemate-backend] [main] o.hibernate.jpa.internal.util.LogHelper  : HHH000204: Processing PersistenceUnitInfo [name: default]
2026-09-18T18:50:19.834+05:30  INFO 22132 --- [routemate-backend] [main] org.hibernate.Version                    : HHH000412: Hibernate ORM core version 6.5.2.Final
2026-09-18T18:50:19.873+05:30  INFO 22132 --- [routemate-backend] [main] o.h.c.internal.RegionFactoryInitiator    : HHH000026: Second-level cache disabled
2026-09-18T18:50:20.162+05:30  INFO 22132 --- [routemate-backend] [main] o.s.o.j.p.SpringPersistenceUnitInfo      : No LoadTimeWeaver setup: ignoring JPA class transformer
2026-09-18T18:50:21.434+05:30  INFO 22132 --- [routemate-backend] [main] o.h.e.t.j.p.i.JtaPlatformInitiator       : HHH000489: No JTA platform available (set 'hibernate.transaction.jta.platform' to enable JTA platform integration)
2026-09-18T18:50:21.463+05:30  INFO 22132 --- [routemate-backend] [main] j.LocalContainerEntityManagerFactoryBean : Initialized JPA EntityManagerFactory for persistence unit 'default'
2026-09-18T18:50:21.847+05:30 DEBUG 22132 --- [routemate-backend] [main] c.r.b.a.s.JwtAuthenticationFilter        : Filter 'jwtAuthenticationFilter' configured for use
2026-09-18T18:50:21.963+05:30  INFO 22132 --- [routemate-backend] [main] eAuthenticationProviderManagerConfigurer : Global AuthenticationManager configured with AuthenticationProvider bean with name authenticationProvider
2026-09-18T18:50:21.964+05:30  WARN 22132 --- [routemate-backend] [main] r$InitializeUserDetailsManagerConfigurer : Global AuthenticationManager configured with an AuthenticationProvider bean. UserDetailsService beans will not be used for username/password login. Consider removing the AuthenticationProvider bean. Alternatively, consider using the UserDetailsService in a manually instantiated DaoAuthenticationProvider.
2026-09-18T18:50:22.056+05:30  INFO 22132 --- [routemate-backend] [main] o.s.d.j.r.query.QueryEnhancerFactory     : Hibernate is in classpath; If applicable, HQL parser will be used.
2026-09-18T18:50:23.348+05:30  INFO 22132 --- [routemate-backend] [main] o.s.b.a.e.web.EndpointLinksResolver      : Exposing 3 endpoints beneath base path '/actuator'
2026-09-18T18:50:23.844+05:30  WARN 22132 --- [routemate-backend] [main] ConfigServletWebServerApplicationContext : Exception encountered during context initialization - cancelling refresh attempt: org.springframework.context.ApplicationContextException: Failed to start bean 'webServerStartStop'
2026-09-18T18:50:23.850+05:30  INFO 22132 --- [routemate-backend] [main] j.LocalContainerEntityManagerFactoryBean : Closing JPA EntityManagerFactory for persistence unit 'default'
2026-09-18T18:50:23.854+05:30  INFO 22132 --- [routemate-backend] [main] com.zaxxer.hikari.HikariDataSource       : HikariPool-1 - Shutdown initiated...
2026-09-18T18:50:23.859+05:30  INFO 22132 --- [routemate-backend] [main] com.zaxxer.hikari.HikariDataSource       : HikariPool-1 - Shutdown completed.
2026-09-18T18:50:23.880+05:30  INFO 22132 --- [routemate-backend] [main] .s.b.a.l.ConditionEvaluationReportLogger : 

Error starting ApplicationContext. To display the condition evaluation report re-run your application with 'debug' enabled.
2026-09-18T18:50:23.896+05:30 ERROR 22132 --- [routemate-backend] [main] o.s.b.d.LoggingFailureAnalysisReporter   : 

***************************
APPLICATION FAILED TO START
***************************

Description:

Web server failed to start. Port 8080 was already in use.

Action:

Identify and stop the process that's listening on port 8080 or configure this application to listen on another port.

